# serializer version: 1
# name: test_entities[default]
  list([
    StateSnapshot({
      'attributes': ReadOnlyDict({
        'battery_level': None,
        'device_class': 'battery',
        'friendly_name': 'THM 03:123456 Battery',
        'id': '03:123456',
      }),
      'context': <ANY>,
      'entity_id': 'binary_sensor.03_123456_battery_low',
      'last_changed': <ANY>,
      'last_reported': <ANY>,
      'last_updated': <ANY>,
      'state': 'off',
    }),
    StateSnapshot({
      'attributes': ReadOnlyDict({
        'device_class': 'problem',
        'friendly_name': 'Controller 01:145038 System status',
      }),
      'context': <ANY>,
      'entity_id': 'binary_sensor.01_145038_status',
      'last_changed': <ANY>,
      'last_reported': <ANY>,
      'last_updated': <ANY>,
      'state': 'unavailable',
    }),
    StateSnapshot({
      'attributes': ReadOnlyDict({
        'device_class': 'problem',
        'friendly_name': 'Controller 01:145038 Active fault',
      }),
      'context': <ANY>,
      'entity_id': 'binary_sensor.01_145038_active_fault',
      'last_changed': <ANY>,
      'last_reported': <ANY>,
      'last_updated': <ANY>,
      'state': 'unavailable',
    }),
    StateSnapshot({
      'attributes': ReadOnlyDict({
        'device_class': 'temperature',
        'friendly_name': 'THM 03:123456 Temperature',
        'id': '03:123456',
        'setpoint': None,
        'state_class': <SensorStateClass.MEASUREMENT: 'measurement'>,
        'unit_of_measurement': <UnitOfTemperature.CELSIUS: 'Â°C'>,
      }),
      'context': <ANY>,
      'entity_id': 'sensor.03_123456_temperature',
      'last_changed': <ANY>,
      'last_reported': <ANY>,
      'last_updated': <ANY>,
      'state': 'unknown',
    }),
    StateSnapshot({
      'attributes': ReadOnlyDict({
        'friendly_name': 'Controller 01:145038 Heat demand',
        'icon': 'mdi:radiator-off',
        'state_class': <SensorStateClass.MEASUREMENT: 'measurement'>,
        'unit_of_measurement': '%',
      }),
      'context': <ANY>,
      'entity_id': 'sensor.01_145038_heat_demand',
      'last_changed': <ANY>,
      'last_reported': <ANY>,
      'last_updated': <ANY>,
      'state': 'unavailable',
    }),
    StateSnapshot({
      'attributes': ReadOnlyDict({
        'current_temperature': None,
        'friendly_name': 'Controller 01:145038',
        'heat_demand': None,
        'heat_demands': None,
        'hvac_modes': list([
          <HVACMode.HEAT: 'heat'>,
          <HVACMode.OFF: 'off'>,
          <HVACMode.AUTO: 'auto'>,
        ]),
        'icon': 'mdi:thermostat',
        'id': '01:145038',
        'max_temp': None,
        'min_temp': None,
        'preset_mode': None,
        'preset_modes': list([
          'none',
          'away',
          'custom',
          'home',
          'eco',
        ]),
        'relay_demands': None,
        'supported_features': <ClimateEntityFeature: 400>,
        'system_mode': None,
        'tpi_params': None,
      }),
      'context': <ANY>,
      'entity_id': 'climate.01_145038',
      'last_changed': <ANY>,
      'last_reported': <ANY>,
      'last_updated': <ANY>,
      'state': 'unknown',
    }),
  ])
# ---
# name: test_entities[minimal]
  list([
  ])
# ---
# name: test_entities[remotes]
  list([
    StateSnapshot({
      'attributes': ReadOnlyDict({
        'battery_level': None,
        'device_class': 'battery',
        'friendly_name': 'REM 29:179540 Battery',
        'id': '29:179540',
      }),
      'context': <ANY>,
      'entity_id': 'binary_sensor.29_179540_battery_low',
      'last_changed': <ANY>,
      'last_reported': <ANY>,
      'last_updated': <ANY>,
      'state': 'off',
    }),
    StateSnapshot({
      'attributes': ReadOnlyDict({
        'block_list': list([
        ]),
        'config': dict({
          'enforce_known_list': False,
        }),
        'device_class': 'problem',
        'friendly_name': 'HGI 18:006402 Gateway status',
        'id': '18:006402',
        'is_evofw3': True,
        'known_list': list([
          dict({
            '29:179540': dict({
              'class': 'switch',
              'faked': True,
            }),
          }),
          dict({
            '32:157747': dict({
              'class': 'FAN',
            }),
          }),
          dict({
            '18:006402': dict({
              'class': 'gateway_interface',
            }),
          }),
        ]),
        'schema': dict({
        }),
      }),
      'context': <ANY>,
      'entity_id': 'binary_sensor.18_006402_status',
      'last_changed': <ANY>,
      'last_reported': <ANY>,
      'last_updated': <ANY>,
      'state': 'off',
    }),
    StateSnapshot({
      'attributes': ReadOnlyDict({
        'friendly_name': 'REM 29:179540 Fan mode',
        'id': '29:179540',
      }),
      'context': <ANY>,
      'entity_id': 'sensor.29_179540_fan_mode',
      'last_changed': <ANY>,
      'last_reported': <ANY>,
      'last_updated': <ANY>,
      'state': 'unknown',
    }),
    StateSnapshot({
      'attributes': ReadOnlyDict({
        'friendly_name': 'REM 29:179540 Fan rate',
        'id': '29:179540',
      }),
      'context': <ANY>,
      'entity_id': 'sensor.29_179540_fan_rate',
      'last_changed': <ANY>,
      'last_reported': <ANY>,
      'last_updated': <ANY>,
      'state': 'unknown',
    }),
    StateSnapshot({
      'attributes': ReadOnlyDict({
        'assumed_state': True,
        'commands': NodeDictClass({
          'auto': ' I --- 29:179540 32:157747 --:------ 22F1 003 000404',
          'away': ' I --- 29:179540 32:157747 --:------ 22F1 003 000004',
          'high': ' I --- 29:179540 32:157747 --:------ 22F1 003 000304',
        }),
        'friendly_name': 'REM 29:179540 None',
        'id': '29:179540',
        'supported_features': <RemoteEntityFeature: 3>,
      }),
      'context': <ANY>,
      'entity_id': 'remote.29_179540',
      'last_changed': <ANY>,
      'last_reported': <ANY>,
      'last_updated': <ANY>,
      'state': 'on',
    }),
  ])
# ---
